{
  "version": "1.5.0",
  "plugins_used": [
    {
      "name": "ArtifactoryDetector"
    },
    {
      "name": "AWSKeyDetector"
    },
    {
      "name": "AzureStorageKeyDetector"
    },
    {
      "name": "Base64HighEntropyString",
      "limit": 4.5
    },
    {
      "name": "BasicAuthDetector"
    },
    {
      "name": "CloudantDetector"
    },
    {
      "name": "DiscordBotTokenDetector"
    },
    {
      "name": "GitHubTokenDetector"
    },
    {
      "name": "GitLabTokenDetector"
    },
    {
      "name": "HexHighEntropyString",
      "limit": 3.0
    },
    {
      "name": "IbmCloudIamDetector"
    },
    {
      "name": "IbmCosHmacDetector"
    },
    {
      "name": "IPPublicDetector"
    },
    {
      "name": "JwtTokenDetector"
    },
    {
      "name": "KeywordDetector",
      "keyword_exclude": ""
    },
    {
      "name": "MailchimpDetector"
    },
    {
      "name": "NpmDetector"
    },
    {
      "name": "OpenAIDetector"
    },
    {
      "name": "PrivateKeyDetector"
    },
    {
      "name": "PypiTokenDetector"
    },
    {
      "name": "SendGridDetector"
    },
    {
      "name": "SlackDetector"
    },
    {
      "name": "SoftlayerDetector"
    },
    {
      "name": "SquareOAuthDetector"
    },
    {
      "name": "StripeDetector"
    },
    {
      "name": "TelegramBotTokenDetector"
    },
    {
      "name": "TwilioKeyDetector"
    }
  ],
  "filters_used": [
    {
      "path": "detect_secrets.filters.allowlist.is_line_allowlisted"
    },
    {
      "path": "detect_secrets.filters.common.is_baseline_file",
      "filename": ".secrets.baseline"
    },
    {
      "path": "detect_secrets.filters.common.is_ignored_due_to_verification_policies",
      "min_level": 2
    },
    {
      "path": "detect_secrets.filters.heuristic.is_indirect_reference"
    },
    {
      "path": "detect_secrets.filters.heuristic.is_likely_id_string"
    },
    {
      "path": "detect_secrets.filters.heuristic.is_lock_file"
    },
    {
      "path": "detect_secrets.filters.heuristic.is_not_alphanumeric_string"
    },
    {
      "path": "detect_secrets.filters.heuristic.is_potential_uuid"
    },
    {
      "path": "detect_secrets.filters.heuristic.is_prefixed_with_dollar_sign"
    },
    {
      "path": "detect_secrets.filters.heuristic.is_sequential_string"
    },
    {
      "path": "detect_secrets.filters.heuristic.is_swagger_file"
    },
    {
      "path": "detect_secrets.filters.heuristic.is_templated_secret"
    },
    {
      "path": "detect_secrets.filters.regex.should_exclude_file",
      "pattern": [
        "(frontends/ui/pnpm-lock\\.yaml|skill\\.oms\\.sig)$"
      ]
    }
  ],
  "results": {
    "deploy/.env.example": [
      {
        "type": "Basic Auth Credentials",
        "filename": "deploy/.env.example",
        "hashed_secret": "9d4e1e23bd5b727046a9e3b4b7db57bd8d6ee684",
        "is_verified": false,
        "line_number": 43
      },
      {
        "type": "Basic Auth Credentials",
        "filename": "deploy/.env.example",
        "hashed_secret": "a2b47f9b69094f42f2c18d841aa03b3af68cf467",
        "is_verified": false,
        "line_number": 205
      }
    ],
    "deploy/compose/README.md": [
      {
        "type": "Basic Auth Credentials",
        "filename": "deploy/compose/README.md",
        "hashed_secret": "a2b47f9b69094f42f2c18d841aa03b3af68cf467",
        "is_verified": false,
        "line_number": 63
      }
    ],
    "deploy/compose/docker-compose.yaml": [
      {
        "type": "Secret Keyword",
        "filename": "deploy/compose/docker-compose.yaml",
        "hashed_secret": "c8a6fa58ee543824a4f8111470e35018f4406bdf",
        "is_verified": false,
        "line_number": 128
      },
      {
        "type": "Secret Keyword",
        "filename": "deploy/compose/docker-compose.yaml",
        "hashed_secret": "a2b47f9b69094f42f2c18d841aa03b3af68cf467",
        "is_verified": false,
        "line_number": 382
      }
    ],
    "deploy/pulumi/Pulumi.dev.yaml": [
      {
        "type": "Base64 High Entropy String",
        "filename": "deploy/pulumi/Pulumi.dev.yaml",
        "hashed_secret": "ea99aa739895720f1dc9ed89ab7a4127bcc7c0ae",
        "is_verified": false,
        "line_number": 77
      },
      {
        "type": "Base64 High Entropy String",
        "filename": "deploy/pulumi/Pulumi.dev.yaml",
        "hashed_secret": "2834b135dd7575b314a6cfb18f83fef72634b97e",
        "is_verified": false,
        "line_number": 81
      },
      {
        "type": "Base64 High Entropy String",
        "filename": "deploy/pulumi/Pulumi.dev.yaml",
        "hashed_secret": "21f853873d11297a439540da1944dd5b9835128e",
        "is_verified": false,
        "line_number": 83
      },
      {
        "type": "Base64 High Entropy String",
        "filename": "deploy/pulumi/Pulumi.dev.yaml",
        "hashed_secret": "12e4d97b92f958923e356d8e7d6f43d8d3136b2e",
        "is_verified": false,
        "line_number": 85
      },
      {
        "type": "Base64 High Entropy String",
        "filename": "deploy/pulumi/Pulumi.dev.yaml",
        "hashed_secret": "ed7de42a4a9e3d55266577f3ecfdb604b4aa82ab",
        "is_verified": false,
        "line_number": 87
      },
      {
        "type": "Base64 High Entropy String",
        "filename": "deploy/pulumi/Pulumi.dev.yaml",
        "hashed_secret": "f32942ba9427556d72edc7b7fe0d8303ec7c4832",
        "is_verified": false,
        "line_number": 89
      },
      {
        "type": "Base64 High Entropy String",
        "filename": "deploy/pulumi/Pulumi.dev.yaml",
        "hashed_secret": "ea3a429ba8fad547846d4641b64683d8d59cb560",
        "is_verified": false,
        "line_number": 91
      },
      {
        "type": "Base64 High Entropy String",
        "filename": "deploy/pulumi/Pulumi.dev.yaml",
        "hashed_secret": "da1ee48010e0105b8ae18ccbb3bd9b63ded516d8",
        "is_verified": false,
        "line_number": 93
      },
      {
        "type": "Base64 High Entropy String",
        "filename": "deploy/pulumi/Pulumi.dev.yaml",
        "hashed_secret": "b4b98a232028649a4af31fdfe3a7e5fd28302243",
        "is_verified": false,
        "line_number": 95
      },
      {
        "type": "Base64 High Entropy String",
        "filename": "deploy/pulumi/Pulumi.dev.yaml",
        "hashed_secret": "4043b345ce561745998ba1eb510daceb58b9bc78",
        "is_verified": false,
        "line_number": 97
      },
      {
        "type": "Base64 High Entropy String",
        "filename": "deploy/pulumi/Pulumi.dev.yaml",
        "hashed_secret": "1a83c4ab58f62cd84cbc96f885a9820c6a968365",
        "is_verified": false,
        "line_number": 99
      },
      {
        "type": "Base64 High Entropy String",
        "filename": "deploy/pulumi/Pulumi.dev.yaml",
        "hashed_secret": "def02af10aba51af3a06d20d56805a1ace3c05c1",
        "is_verified": false,
        "line_number": 102
      }
    ],
    "docs/architecture/grid-app-database.md": [
      {
        "type": "Basic Auth Credentials",
        "filename": "docs/architecture/grid-app-database.md",
        "hashed_secret": "afc848c316af1a89d49826c5ae9d00ed769415f3",
        "is_verified": false,
        "line_number": 30
      }
    ],
    "docs/deployment/docker-compose.md": [
      {
        "type": "Basic Auth Credentials",
        "filename": "docs/deployment/docker-compose.md",
        "hashed_secret": "a2b47f9b69094f42f2c18d841aa03b3af68cf467",
        "is_verified": false,
        "line_number": 48
      }
    ],
    "docs/deployment/environment-variables.md": [
      {
        "type": "Basic Auth Credentials",
        "filename": "docs/deployment/environment-variables.md",
        "hashed_secret": "a2b47f9b69094f42f2c18d841aa03b3af68cf467",
        "is_verified": false,
        "line_number": 58
      },
      {
        "type": "Basic Auth Credentials",
        "filename": "docs/deployment/environment-variables.md",
        "hashed_secret": "afc848c316af1a89d49826c5ae9d00ed769415f3",
        "is_verified": false,
        "line_number": 58
      }
    ],
    "docs/deployment/security-config.md": [
      {
        "type": "Secret Keyword",
        "filename": "docs/deployment/security-config.md",
        "hashed_secret": "678d4be5a065e541942536ae528bd8544ad06d10",
        "is_verified": false,
        "line_number": 36
      }
    ],
    "docs/technical-reference/collection-scoping.md": [
      {
        "type": "Base64 High Entropy String",
        "filename": "docs/technical-reference/collection-scoping.md",
        "hashed_secret": "04e255f2acd1c99a6a2692e2cb426b5711b61b13",
        "is_verified": false,
        "line_number": 77
      }
    ],
    "frontends/aiq_api/README.md": [
      {
        "type": "Basic Auth Credentials",
        "filename": "frontends/aiq_api/README.md",
        "hashed_secret": "9d4e1e23bd5b727046a9e3b4b7db57bd8d6ee684",
        "is_verified": false,
        "line_number": 21
      }
    ],
    "frontends/aiq_api/tests/test_consistency_check.py": [
      {
        "type": "Secret Keyword",
        "filename": "frontends/aiq_api/tests/test_consistency_check.py",
        "hashed_secret": "089d6bc96e0c59d2471516b49ef5f295fd46ce9b",
        "is_verified": false,
        "line_number": 275
      }
    ],
    "frontends/aiq_api/tests/test_context_envelope.py": [
      {
        "type": "Secret Keyword",
        "filename": "frontends/aiq_api/tests/test_context_envelope.py",
        "hashed_secret": "687bfbce874423fea9cfcfb666202c5594b17a26",
        "is_verified": false,
        "line_number": 26
      }
    ],
    "frontends/aiq_api/tests/test_generate_summary.py": [
      {
        "type": "Secret Keyword",
        "filename": "frontends/aiq_api/tests/test_generate_summary.py",
        "hashed_secret": "089d6bc96e0c59d2471516b49ef5f295fd46ce9b",
        "is_verified": false,
        "line_number": 226
      }
    ],
    "frontends/ui/.env.example": [
      {
        "type": "Basic Auth Credentials",
        "filename": "frontends/ui/.env.example",
        "hashed_secret": "afc848c316af1a89d49826c5ae9d00ed769415f3",
        "is_verified": false,
        "line_number": 70
      }
    ],
    "frontends/ui/scripts/migrate-storage.mjs": [
      {
        "type": "Secret Keyword",
        "filename": "frontends/ui/scripts/migrate-storage.mjs",
        "hashed_secret": "576956b5291ac38d04ef5f82cc974286a857f0b2",
        "is_verified": false,
        "line_number": 65
      }
    ],
    "frontends/ui/scripts/provision-workos-audit-schemas.mjs": [
      {
        "type": "Secret Keyword",
        "filename": "frontends/ui/scripts/provision-workos-audit-schemas.mjs",
        "hashed_secret": "9c21149ed025333a028fd7618327741b99b1e61f",
        "is_verified": false,
        "line_number": 55
      }
    ],
    "frontends/ui/src/app/api/organization/llm-credentials/route.spec.ts": [
      {
        "type": "Secret Keyword",
        "filename": "frontends/ui/src/app/api/organization/llm-credentials/route.spec.ts",
        "hashed_secret": "a0f4ea7d91495df92bbac2e2149dfb850fe81396",
        "is_verified": false,
        "line_number": 83
      },
      {
        "type": "Secret Keyword",
        "filename": "frontends/ui/src/app/api/organization/llm-credentials/route.spec.ts",
        "hashed_secret": "b7e38d2c6f284b5ce8847e0fdf9d6d16b45f6050",
        "is_verified": false,
        "line_number": 84
      }
    ],
    "frontends/ui/src/i18n/dictionaries/de/organization.ts": [
      {
        "type": "Secret Keyword",
        "filename": "frontends/ui/src/i18n/dictionaries/de/organization.ts",
        "hashed_secret": "a24f75c63a48219c05df0f39831e66aa1faa6189",
        "is_verified": false,
        "line_number": 146
      },
      {
        "type": "Secret Keyword",
        "filename": "frontends/ui/src/i18n/dictionaries/de/organization.ts",
        "hashed_secret": "024dfa5ece2a15fb64a88305ca6e710cdbb382c2",
        "is_verified": false,
        "line_number": 147
      },
      {
        "type": "Secret Keyword",
        "filename": "frontends/ui/src/i18n/dictionaries/de/organization.ts",
        "hashed_secret": "557558d6364433aa7996f31eed50cbbf19f48805",
        "is_verified": false,
        "line_number": 148
      }
    ],
    "frontends/ui/src/i18n/dictionaries/en/organization.ts": [
      {
        "type": "Secret Keyword",
        "filename": "frontends/ui/src/i18n/dictionaries/en/organization.ts",
        "hashed_secret": "cf678cab87dc1f7d1b95b964f15375e088461679",
        "is_verified": false,
        "line_number": 143
      },
      {
        "type": "Secret Keyword",
        "filename": "frontends/ui/src/i18n/dictionaries/en/organization.ts",
        "hashed_secret": "024dfa5ece2a15fb64a88305ca6e710cdbb382c2",
        "is_verified": false,
        "line_number": 144
      },
      {
        "type": "Secret Keyword",
        "filename": "frontends/ui/src/i18n/dictionaries/en/organization.ts",
        "hashed_secret": "3c29bcc528a6295f7e60148c2296470ce81c6edd",
        "is_verified": false,
        "line_number": 145
      }
    ],
    "frontends/ui/src/lib/llm-credentials/providers.spec.ts": [
      {
        "type": "Basic Auth Credentials",
        "filename": "frontends/ui/src/lib/llm-credentials/providers.spec.ts",
        "hashed_secret": "1a91d62f7ca67399625a4368a6ab5d4a3baa6073",
        "is_verified": false,
        "line_number": 29
      }
    ],
    "frontends/ui/src/lib/llm-credentials/secret-store.spec.ts": [
      {
        "type": "Secret Keyword",
        "filename": "frontends/ui/src/lib/llm-credentials/secret-store.spec.ts",
        "hashed_secret": "31317ff4dee8e8bdf7fe392d1fcbdd853502c00c",
        "is_verified": false,
        "line_number": 65
      },
      {
        "type": "Secret Keyword",
        "filename": "frontends/ui/src/lib/llm-credentials/secret-store.spec.ts",
        "hashed_secret": "939bb46a04c3640c8c427e92b1b557e882e2d2a0",
        "is_verified": false,
        "line_number": 67
      },
      {
        "type": "Secret Keyword",
        "filename": "frontends/ui/src/lib/llm-credentials/secret-store.spec.ts",
        "hashed_secret": "a64c89f2592b4dcccad86640cb7e063cc91e171e",
        "is_verified": false,
        "line_number": 69
      }
    ],
    "frontends/ui/src/lib/llm-credentials/secret-store.ts": [
      {
        "type": "Secret Keyword",
        "filename": "frontends/ui/src/lib/llm-credentials/secret-store.ts",
        "hashed_secret": "9c21149ed025333a028fd7618327741b99b1e61f",
        "is_verified": false,
        "line_number": 26
      },
      {
        "type": "Secret Keyword",
        "filename": "frontends/ui/src/lib/llm-credentials/secret-store.ts",
        "hashed_secret": "9a8f6aae44f8dcd20fd3ebc7427397ee1b45e88c",
        "is_verified": false,
        "line_number": 149
      }
    ],
    "frontends/ui/src/lib/llm-credentials/service.spec.ts": [
      {
        "type": "Secret Keyword",
        "filename": "frontends/ui/src/lib/llm-credentials/service.spec.ts",
        "hashed_secret": "9a8f6aae44f8dcd20fd3ebc7427397ee1b45e88c",
        "is_verified": false,
        "line_number": 46
      },
      {
        "type": "Secret Keyword",
        "filename": "frontends/ui/src/lib/llm-credentials/service.spec.ts",
        "hashed_secret": "089d6bc96e0c59d2471516b49ef5f295fd46ce9b",
        "is_verified": false,
        "line_number": 69
      }
    ],
    "frontends/ui/src/lib/model-config/org-catalog.spec.ts": [
      {
        "type": "Secret Keyword",
        "filename": "frontends/ui/src/lib/model-config/org-catalog.spec.ts",
        "hashed_secret": "cb0116592181369934b147d4809f5f5d51859904",
        "is_verified": false,
        "line_number": 54
      }
    ],
    "frontends/ui/tests/fixtures/grid_request_context.json": [
      {
        "type": "Base64 High Entropy String",
        "filename": "frontends/ui/tests/fixtures/grid_request_context.json",
        "hashed_secret": "5bda63d072d74b8b6410dc1fc65addd86e34ad3a",
        "is_verified": false,
        "line_number": 31
      },
      {
        "type": "Base64 High Entropy String",
        "filename": "frontends/ui/tests/fixtures/grid_request_context.json",
        "hashed_secret": "94fe4d3b204f20ee3bd191991fcce72f1ba2d00a",
        "is_verified": false,
        "line_number": 32
      },
      {
        "type": "Base64 High Entropy String",
        "filename": "frontends/ui/tests/fixtures/grid_request_context.json",
        "hashed_secret": "057fc9d0378ebf93320902622a6fdb11ab4428d1",
        "is_verified": false,
        "line_number": 33
      },
      {
        "type": "Base64 High Entropy String",
        "filename": "frontends/ui/tests/fixtures/grid_request_context.json",
        "hashed_secret": "c1192c8390373b4e981d75b3ffe1e62d1ae7bceb",
        "is_verified": false,
        "line_number": 34
      },
      {
        "type": "Base64 High Entropy String",
        "filename": "frontends/ui/tests/fixtures/grid_request_context.json",
        "hashed_secret": "de7330e765d14f80df12e67589aef02a3a57250e",
        "is_verified": false,
        "line_number": 35
      },
      {
        "type": "Base64 High Entropy String",
        "filename": "frontends/ui/tests/fixtures/grid_request_context.json",
        "hashed_secret": "6502b95236b4434035f349fa569002e841bf9c71",
        "is_verified": false,
        "line_number": 70
      },
      {
        "type": "Base64 High Entropy String",
        "filename": "frontends/ui/tests/fixtures/grid_request_context.json",
        "hashed_secret": "8e835d523477d771227227c4ab41f736d06b0d1d",
        "is_verified": false,
        "line_number": 71
      },
      {
        "type": "Secret Keyword",
        "filename": "frontends/ui/tests/fixtures/grid_request_context.json",
        "hashed_secret": "1be85215e60156ca884ad86e990fe6e03fd41bb0",
        "is_verified": false,
        "line_number": 80
      },
      {
        "type": "Base64 High Entropy String",
        "filename": "frontends/ui/tests/fixtures/grid_request_context.json",
        "hashed_secret": "1f9a1850ecad428d7e9527d296e0a5a853d5b91a",
        "is_verified": false,
        "line_number": 101
      },
      {
        "type": "Hex High Entropy String",
        "filename": "frontends/ui/tests/fixtures/grid_request_context.json",
        "hashed_secret": "8c0a2a3cdc4af0563aac1f8d5d6f165f552a5590",
        "is_verified": false,
        "line_number": 102
      },
      {
        "type": "Base64 High Entropy String",
        "filename": "frontends/ui/tests/fixtures/grid_request_context.json",
        "hashed_secret": "74d5fc14948db6423721385c0b55c13587cddc24",
        "is_verified": false,
        "line_number": 113
      },
      {
        "type": "Hex High Entropy String",
        "filename": "frontends/ui/tests/fixtures/grid_request_context.json",
        "hashed_secret": "9aa1942b2d3340b3ea4005d1771e0e390207609c",
        "is_verified": false,
        "line_number": 114
      },
      {
        "type": "Base64 High Entropy String",
        "filename": "frontends/ui/tests/fixtures/grid_request_context.json",
        "hashed_secret": "42a738da581448f94cf8e9edcaacd67339198b7c",
        "is_verified": false,
        "line_number": 141
      },
      {
        "type": "Hex High Entropy String",
        "filename": "frontends/ui/tests/fixtures/grid_request_context.json",
        "hashed_secret": "e916b88ca10f98c2d6563448d1e53eab82d7ff2b",
        "is_verified": false,
        "line_number": 142
      }
    ],
    "sources/google_scholar_paper_search/README.md": [
      {
        "type": "Secret Keyword",
        "filename": "sources/google_scholar_paper_search/README.md",
        "hashed_secret": "42110b77eaf9886a18dbddaa8c08ac7d2a1ac997",
        "is_verified": false,
        "line_number": 14
      }
    ],
    "sources/google_scholar_paper_search/src/paper_search.py": [
      {
        "type": "Secret Keyword",
        "filename": "sources/google_scholar_paper_search/src/paper_search.py",
        "hashed_secret": "11fa7c37d697f30e6aee828b4426a10f83ab2380",
        "is_verified": false,
        "line_number": 26
      }
    ],
    "sources/google_scholar_paper_search/tests/conftest.py": [
      {
        "type": "Secret Keyword",
        "filename": "sources/google_scholar_paper_search/tests/conftest.py",
        "hashed_secret": "2e7a7ee14caebf378fc32d6cf6f557f347c96773",
        "is_verified": false,
        "line_number": 11
      }
    ],
    "sources/google_scholar_paper_search/tests/test_paper_search.py": [
      {
        "type": "Secret Keyword",
        "filename": "sources/google_scholar_paper_search/tests/test_paper_search.py",
        "hashed_secret": "3acfb2c2b433c0ea7ff107e33df91b18e52f960f",
        "is_verified": false,
        "line_number": 18
      }
    ],
    "sources/knowledge_layer/KNOWLEDGE-LAYER-SETUP.md": [
      {
        "type": "Basic Auth Credentials",
        "filename": "sources/knowledge_layer/KNOWLEDGE-LAYER-SETUP.md",
        "hashed_secret": "9d4e1e23bd5b727046a9e3b4b7db57bd8d6ee684",
        "is_verified": false,
        "line_number": 383
      }
    ],
    "sources/knowledge_layer/src/foundational_rag/README.md": [
      {
        "type": "Secret Keyword",
        "filename": "sources/knowledge_layer/src/foundational_rag/README.md",
        "hashed_secret": "11fa7c37d697f30e6aee828b4426a10f83ab2380",
        "is_verified": false,
        "line_number": 69
      }
    ],
    "src/aiq_agent/common/db_utils.py": [
      {
        "type": "Basic Auth Credentials",
        "filename": "src/aiq_agent/common/db_utils.py",
        "hashed_secret": "9d4e1e23bd5b727046a9e3b4b7db57bd8d6ee684",
        "is_verified": false,
        "line_number": 20
      }
    ],
    "tests/aiq_agent/common/test_common_init.py": [
      {
        "type": "Basic Auth Credentials",
        "filename": "tests/aiq_agent/common/test_common_init.py",
        "hashed_secret": "9d4e1e23bd5b727046a9e3b4b7db57bd8d6ee684",
        "is_verified": false,
        "line_number": 215
      }
    ],
    "tests/aiq_agent/common/test_credential_resolution.py": [
      {
        "type": "Secret Keyword",
        "filename": "tests/aiq_agent/common/test_credential_resolution.py",
        "hashed_secret": "c9c64e071d2853bc7906c017a231ad1cc46ab630",
        "is_verified": false,
        "line_number": 117
      },
      {
        "type": "Secret Keyword",
        "filename": "tests/aiq_agent/common/test_credential_resolution.py",
        "hashed_secret": "7e8771ea98be1c438fc79ab7d926dbf388a7c044",
        "is_verified": false,
        "line_number": 167
      },
      {
        "type": "Secret Keyword",
        "filename": "tests/aiq_agent/common/test_credential_resolution.py",
        "hashed_secret": "b0347b2e471f9e4922b171ba4e0aac2e60766303",
        "is_verified": false,
        "line_number": 178
      },
      {
        "type": "Secret Keyword",
        "filename": "tests/aiq_agent/common/test_credential_resolution.py",
        "hashed_secret": "eeb00ce47aa4d1cea63d98f6a3d0efd8c27f6b8c",
        "is_verified": false,
        "line_number": 189
      },
      {
        "type": "Secret Keyword",
        "filename": "tests/aiq_agent/common/test_credential_resolution.py",
        "hashed_secret": "a45c2264b8cab0f1e0637f6c44501c0f34f7e227",
        "is_verified": false,
        "line_number": 223
      },
      {
        "type": "Secret Keyword",
        "filename": "tests/aiq_agent/common/test_credential_resolution.py",
        "hashed_secret": "089d6bc96e0c59d2471516b49ef5f295fd46ce9b",
        "is_verified": false,
        "line_number": 235
      },
      {
        "type": "Secret Keyword",
        "filename": "tests/aiq_agent/common/test_credential_resolution.py",
        "hashed_secret": "bea2f7b64fab8d1d414d0449530b1e088d36d5b1",
        "is_verified": false,
        "line_number": 267
      }
    ],
    "tests/aiq_agent/common/test_db_utils.py": [
      {
        "type": "Basic Auth Credentials",
        "filename": "tests/aiq_agent/common/test_db_utils.py",
        "hashed_secret": "a761ce3a45d97e41840a788495e85a70d1bb3815",
        "is_verified": false,
        "line_number": 10
      },
      {
        "type": "Basic Auth Credentials",
        "filename": "tests/aiq_agent/common/test_db_utils.py",
        "hashed_secret": "f3bbbd66a63d4bf1747940578ec3d0103530e21d",
        "is_verified": false,
        "line_number": 20
      }
    ],
    "tests/aiq_agent/common/test_llm_credentials.py": [
      {
        "type": "Secret Keyword",
        "filename": "tests/aiq_agent/common/test_llm_credentials.py",
        "hashed_secret": "a34a990377312e9a234870cdc27a2494ae7ebbf7",
        "is_verified": false,
        "line_number": 20
      },
      {
        "type": "Secret Keyword",
        "filename": "tests/aiq_agent/common/test_llm_credentials.py",
        "hashed_secret": "04c7ff759c4513eaf42db9037eefd36db79851fb",
        "is_verified": false,
        "line_number": 58
      }
    ],
    "tests/aiq_agent/knowledge/test_scoping.py": [
      {
        "type": "Secret Keyword",
        "filename": "tests/aiq_agent/knowledge/test_scoping.py",
        "hashed_secret": "f52282317975d55bbb302bed48853ccbee1ef6a8",
        "is_verified": false,
        "line_number": 167
      }
    ],
    "tests/aiq_agent/test_project_context.py": [
      {
        "type": "Secret Keyword",
        "filename": "tests/aiq_agent/test_project_context.py",
        "hashed_secret": "a8e6ea9e77cd178ecc184aa2d3df5513ee7645c2",
        "is_verified": false,
        "line_number": 238
      },
      {
        "type": "Secret Keyword",
        "filename": "tests/aiq_agent/test_project_context.py",
        "hashed_secret": "b9355079a89a8dad3b1cf8a460c32e13bd3db7a1",
        "is_verified": false,
        "line_number": 318
      },
      {
        "type": "Secret Keyword",
        "filename": "tests/aiq_agent/test_project_context.py",
        "hashed_secret": "bb32affac06c6c963b6f51d05cbf73a86989e422",
        "is_verified": false,
        "line_number": 375
      }
    ],
    "tests/fixtures/grid_request_context.json": [
      {
        "type": "Base64 High Entropy String",
        "filename": "tests/fixtures/grid_request_context.json",
        "hashed_secret": "5bda63d072d74b8b6410dc1fc65addd86e34ad3a",
        "is_verified": false,
        "line_number": 31
      },
      {
        "type": "Base64 High Entropy String",
        "filename": "tests/fixtures/grid_request_context.json",
        "hashed_secret": "94fe4d3b204f20ee3bd191991fcce72f1ba2d00a",
        "is_verified": false,
        "line_number": 32
      },
      {
        "type": "Base64 High Entropy String",
        "filename": "tests/fixtures/grid_request_context.json",
        "hashed_secret": "057fc9d0378ebf93320902622a6fdb11ab4428d1",
        "is_verified": false,
        "line_number": 33
      },
      {
        "type": "Base64 High Entropy String",
        "filename": "tests/fixtures/grid_request_context.json",
        "hashed_secret": "c1192c8390373b4e981d75b3ffe1e62d1ae7bceb",
        "is_verified": false,
        "line_number": 34
      },
      {
        "type": "Base64 High Entropy String",
        "filename": "tests/fixtures/grid_request_context.json",
        "hashed_secret": "de7330e765d14f80df12e67589aef02a3a57250e",
        "is_verified": false,
        "line_number": 35
      },
      {
        "type": "Base64 High Entropy String",
        "filename": "tests/fixtures/grid_request_context.json",
        "hashed_secret": "6502b95236b4434035f349fa569002e841bf9c71",
        "is_verified": false,
        "line_number": 70
      },
      {
        "type": "Base64 High Entropy String",
        "filename": "tests/fixtures/grid_request_context.json",
        "hashed_secret": "8e835d523477d771227227c4ab41f736d06b0d1d",
        "is_verified": false,
        "line_number": 71
      },
      {
        "type": "Secret Keyword",
        "filename": "tests/fixtures/grid_request_context.json",
        "hashed_secret": "1be85215e60156ca884ad86e990fe6e03fd41bb0",
        "is_verified": false,
        "line_number": 80
      },
      {
        "type": "Base64 High Entropy String",
        "filename": "tests/fixtures/grid_request_context.json",
        "hashed_secret": "1f9a1850ecad428d7e9527d296e0a5a853d5b91a",
        "is_verified": false,
        "line_number": 101
      },
      {
        "type": "Hex High Entropy String",
        "filename": "tests/fixtures/grid_request_context.json",
        "hashed_secret": "8c0a2a3cdc4af0563aac1f8d5d6f165f552a5590",
        "is_verified": false,
        "line_number": 102
      },
      {
        "type": "Base64 High Entropy String",
        "filename": "tests/fixtures/grid_request_context.json",
        "hashed_secret": "74d5fc14948db6423721385c0b55c13587cddc24",
        "is_verified": false,
        "line_number": 113
      },
      {
        "type": "Hex High Entropy String",
        "filename": "tests/fixtures/grid_request_context.json",
        "hashed_secret": "9aa1942b2d3340b3ea4005d1771e0e390207609c",
        "is_verified": false,
        "line_number": 114
      },
      {
        "type": "Base64 High Entropy String",
        "filename": "tests/fixtures/grid_request_context.json",
        "hashed_secret": "42a738da581448f94cf8e9edcaacd67339198b7c",
        "is_verified": false,
        "line_number": 141
      },
      {
        "type": "Hex High Entropy String",
        "filename": "tests/fixtures/grid_request_context.json",
        "hashed_secret": "e916b88ca10f98c2d6563448d1e53eab82d7ff2b",
        "is_verified": false,
        "line_number": 142
      }
    ],
    "tests/knowledge_layer_tests/run_llamaindex.py": [
      {
        "type": "Secret Keyword",
        "filename": "tests/knowledge_layer_tests/run_llamaindex.py",
        "hashed_secret": "5a5358674c406acfb1276e689a4bc08e60b41e07",
        "is_verified": false,
        "line_number": 153
      }
    ],
    "tests/knowledge_layer_tests/run_llamaindex_api.py": [
      {
        "type": "Secret Keyword",
        "filename": "tests/knowledge_layer_tests/run_llamaindex_api.py",
        "hashed_secret": "2083c49ad8d63838a4d18f1de0c419f06eb464db",
        "is_verified": false,
        "line_number": 359
      }
    ],
    "tests/knowledge_layer_tests/test_visual_page_ingestion.py": [
      {
        "type": "Secret Keyword",
        "filename": "tests/knowledge_layer_tests/test_visual_page_ingestion.py",
        "hashed_secret": "917a81607229f4b97186717cdeafdf4d64d1844b",
        "is_verified": false,
        "line_number": 560
      }
    ]
  },
  "generated_at": "2026-07-27T12:31:33Z"
}
